[POP] 2025/06/01 20:36:44 info - dropped database my_go_saas_template_test
[POP] 2025/06/01 20:36:44 info - created database my_go_saas_template_test
[POP] 2025/06/01 20:36:44 info - > create_users
[POP] 2025/06/01 20:36:44 info - > add_role_to_users
[POP] 2025/06/01 20:36:44 info - > create_posts
[POP] 2025/06/01 20:36:44 info - Successfully applied 3 migrations.
[POP] 2025/06/01 20:36:44 info - 0.0394 seconds
[POP] 2025/06/01 20:36:44 warn - Migrator: unable to dump schema: exec: "pg_dump": executable file not found in $PATH
time="2025-06-01T20:36:45-07:00" level=info msg="go test -p 1 -tags development my_go_saas_template/actions my_go_saas_template/cmd/app my_go_saas_template/grifts my_go_saas_template/locales my_go_saas_template/models my_go_saas_template/pkg/logging my_go_saas_template/public my_go_saas_template/templates"
level=info time="2025-06-01T20:36:46-07:00" msg=/users/ conn=tx-3799189393011184018 content_type=application/x-www-form-urlencoded db=1.096844ms duration=52.07475ms form="{\"CreatedAt\":[\"\"],\"Email\":[\"account-test-1748835406319903550@example.com\"],\"FirstName\":[\"Account\"],\"ID\":[\"00000000-0000-0000-0000-000000000000\"],\"LastName\":[\"Test\"],\"Password\":[\"[FILTERED]\"],\"PasswordConfirmation\":[\"[FILTERED]\"],\"PasswordHash\":[\"\"],\"Role\":[\"\"],\"UpdatedAt\":[\"\"]}" human_size="0 B" method=POST params="{\"CreatedAt\":[\"\"],\"Email\":[\"account-test-1748835406319903550@example.com\"],\"FirstName\":[\"Account\"],\"ID\":[\"00000000-0000-0000-0000-000000000000\"],\"LastName\":[\"Test\"],\"Password\":[\"[FILTERED]\"],\"PasswordConfirmation\":[\"[FILTERED]\"],\"PasswordHash\":[\"\"],\"Role\":[\"\"],\"UpdatedAt\":[\"\"]}" path=/users/ request_id=b40373f6aab0c91637a1-04a5f98418053bba466f size=0 status=302 tx=3799189393011184018
level=info time="2025-06-01T20:36:46-07:00" msg=/auth/ conn=tx-4260336256632142264 content_type=application/x-www-form-urlencoded db=1.018206ms duration=49.703611ms form="{\"CreatedAt\":[\"\"],\"Email\":[\"account-test-1748835406319903550@example.com\"],\"FirstName\":[\"\"],\"ID\":[\"00000000-0000-0000-0000-000000000000\"],\"LastName\":[\"\"],\"Password\":[\"[FILTERED]\"],\"PasswordConfirmation\":[\"[FILTERED]\"],\"PasswordHash\":[\"\"],\"Role\":[\"\"],\"UpdatedAt\":[\"\"]}" human_size="0 B" method=POST params="{\"CreatedAt\":[\"\"],\"Email\":[\"account-test-1748835406319903550@example.com\"],\"FirstName\":[\"\"],\"ID\":[\"00000000-0000-0000-0000-000000000000\"],\"LastName\":[\"\"],\"Password\":[\"[FILTERED]\"],\"PasswordConfirmation\":[\"[FILTERED]\"],\"PasswordHash\":[\"\"],\"Role\":[\"\"],\"UpdatedAt\":[\"\"]}" path=/auth/ request_id=b40373f6aab0c91637a1-7ba5b64ab529afc44877 size=0 status=302 tx=4260336256632142264
level=info time="2025-06-01T20:36:46-07:00" msg=/account/ conn=tx-2655061402144362775 content_type=application/html db="351.025µs" duration=1.377441ms human_size="5.6 kB" method=GET params="{}" path=/account/ render="561.901µs" request_id=b40373f6aab0c91637a1-3fe3fde1c67e7da5dba3 size=5608 status=200 tx=2655061402144362775
level=info time="2025-06-01T20:36:46-07:00" msg=/account/ conn=tx-3117847830119649892 content_type=application/html db=0s duration="460.584µs" human_size="32 B" method=GET params="{}" path=/account/ request_id=3e7b35fdf9c93747f6a9-687794ce7d21d56548bc size=32 status=302 tx=3117847830119649892
level=info time="2025-06-01T20:36:46-07:00" msg=/admin/dashboard/ conn=tx-7453188372114677945 content_type=application/html db="404.085µs" duration=3.49554ms human_size="2.9 kB" method=GET params="{}" path=/admin/dashboard/ render="934.316µs" request_id=daec84bee59ca33673c0-7769e4f7c596ac3adff9 size=2898 status=200 tx=7453188372114677945
level=info time="2025-06-01T20:36:46-07:00" msg=/admin/dashboard/ conn=tx-4294599077257462159 content_type=application/html db="318.995µs" duration=2.102402ms human_size="6.3 kB" method=GET params="{}" path=/admin/dashboard/ render="399.965µs" request_id=df34e039a10098127ceb-87495b83189256acc92b size=6273 status=200 tx=4294599077257462159
level=info time="2025-06-01T20:36:46-07:00" msg=/admin/posts/ conn=tx-5996284056310990060 content_type=application/x-www-form-urlencoded db="309.305µs" duration=2.000273ms form="{\"Content\":[\"This is the content of the new test post.\"],\"Excerpt\":[\"\"],\"Published\":[\"true\"],\"Slug\":[\"\"],\"Title\":[\"New Test Post\"]}" human_size="5.5 kB" method=POST params="{\"Content\":[\"This is the content of the new test post.\"],\"Excerpt\":[\"\"],\"Published\":[\"true\"],\"Slug\":[\"\"],\"Title\":[\"New Test Post\"]}" path=/admin/posts/ render=1.172253ms request_id=62dc14ffa0876d1f2114-86fcdfd8cc31bacd5869 size=5548 status=422 tx=5996284056310990060
time="2025-06-01T20:36:46-07:00" level=warning msg="SecurityEvent: unauthorized_admin_access (failure) - insufficient_privileges" email=user@test.com event_type=unauthorized_admin_access log_type=security_event method=GET outcome=failure path=/admin/posts/ reason=insufficient_privileges request_id=b07e014004b8b437bb07-8b5d37a744369a1733ae role=user user_id=65b8170a-5285-4aed-9fe7-3fa335ef82b1
level=info time="2025-06-01T20:36:46-07:00" msg=/admin/posts/ conn=tx-1339096377384527109 content_type=application/html db="324.176µs" duration="916.767µs" human_size="33 B" method=GET params="{}" path=/admin/posts/ request_id=b07e014004b8b437bb07-8b5d37a744369a1733ae size=33 status=302 tx=1339096377384527109
level=info time="2025-06-01T20:36:46-07:00" msg=/admin/posts/ conn=tx-2982704944938654081 content_type=application/html db=0s duration="619.821µs" human_size="32 B" method=GET params="{}" path=/admin/posts/ request_id=29a614efb4069a38cf74-313ce457e747bd7bd26c size=32 status=302 tx=2982704944938654081
level=info time="2025-06-01T20:36:46-07:00" msg=/admin/posts/ conn=tx-3014013503220432422 content_type=application/html db=1.138515ms duration=3.032809ms human_size="3.8 kB" method=GET params="{}" path=/admin/posts/ render=1.3048ms request_id=297be9c5eaacff137cbc-461024492aa3911de169 size=3764 status=200 tx=3014013503220432422
level=info time="2025-06-01T20:36:46-07:00" msg=/admin/dashboard/ conn=tx-1835244345890369371 content_type=application/html db="315.136µs" duration=2.687062ms human_size="6.3 kB" method=GET params="{}" path=/admin/dashboard/ render="417.354µs" request_id=492c8257aec940cdbf9b-aba28a98501dad842d54 size=6273 status=200 tx=1835244345890369371
time="2025-06-01T20:36:46-07:00" level=warning msg="SecurityEvent: unauthorized_admin_access (failure) - insufficient_privileges" email=user@example.com event_type=unauthorized_admin_access log_type=security_event method=GET outcome=failure path=/admin/dashboard/ reason=insufficient_privileges request_id=132ea3e46c21b2e226d0-e8e56b8f7a6dbe9c6833 role=user user_id=f677c532-b735-4fc2-8656-cc3d3ed699d3
level=info time="2025-06-01T20:36:46-07:00" msg=/admin/dashboard/ conn=tx-6500852489239453893 content_type=application/html db="525.442µs" duration=1.102212ms human_size="33 B" method=GET params="{}" path=/admin/dashboard/ request_id=132ea3e46c21b2e226d0-e8e56b8f7a6dbe9c6833 size=33 status=302 tx=6500852489239453893
time="2025-06-01T20:36:46-07:00" level=warning msg="SecurityEvent: unauthorized_admin_access (failure) - insufficient_privileges" email=user@example.com event_type=unauthorized_admin_access log_type=security_event method=GET outcome=failure path=/admin/ reason=insufficient_privileges request_id=5b8df979ea19fd4c1f70-3909f312222ea31cf0b1 role=user user_id=084b4683-55b0-4a2e-8a36-f944d7e2a670
level=info time="2025-06-01T20:36:46-07:00" msg=/admin/ conn=tx-6248204250342131142 content_type=application/html db="313.886µs" duration="794.018µs" human_size="33 B" method=GET params="{}" path=/admin/ request_id=5b8df979ea19fd4c1f70-3909f312222ea31cf0b1 size=33 status=302 tx=6248204250342131142
time="2025-06-01T20:36:46-07:00" level=warning msg="SecurityEvent: unauthorized_admin_access (failure) - insufficient_privileges" email=user@example.com event_type=unauthorized_admin_access log_type=security_event method=GET outcome=failure path=/admin/dashboard/ reason=insufficient_privileges request_id=5b8df979ea19fd4c1f70-5b9ce6963ba79244777c role=user user_id=084b4683-55b0-4a2e-8a36-f944d7e2a670
level=info time="2025-06-01T20:36:46-07:00" msg=/admin/dashboard/ conn=tx-3252502619820258829 content_type=application/html db="378.945µs" duration="942.456µs" human_size="33 B" method=GET params="{}" path=/admin/dashboard/ request_id=5b8df979ea19fd4c1f70-5b9ce6963ba79244777c size=33 status=302 tx=3252502619820258829
time="2025-06-01T20:36:46-07:00" level=warning msg="SecurityEvent: unauthorized_admin_access (failure) - insufficient_privileges" email=user@example.com event_type=unauthorized_admin_access log_type=security_event method=GET outcome=failure path=/admin/users/ reason=insufficient_privileges request_id=5b8df979ea19fd4c1f70-3e2215149d954407741a role=user user_id=084b4683-55b0-4a2e-8a36-f944d7e2a670
level=info time="2025-06-01T20:36:46-07:00" msg=/admin/users/ conn=tx-5231676320152905303 content_type=application/html db="421.904µs" duration="917.047µs" human_size="33 B" method=GET params="{}" path=/admin/users/ request_id=5b8df979ea19fd4c1f70-3e2215149d954407741a size=33 status=302 tx=5231676320152905303
level=info time="2025-06-01T20:36:46-07:00" msg=/admin/ conn=tx-4116075363943763027 content_type=application/html db=0s duration="582.921µs" human_size="32 B" method=GET params="{}" path=/admin/ request_id=7eaecec90353000c7374-203c14c3a8ff149f7e3c size=32 status=302 tx=4116075363943763027
level=info time="2025-06-01T20:36:46-07:00" msg=/admin/dashboard/ conn=tx-8463369716328729910 content_type=application/html db=0s duration="415.864µs" human_size="32 B" method=GET params="{}" path=/admin/dashboard/ request_id=7eaecec90353000c7374-20e5af137247ebe12f86 size=32 status=302 tx=8463369716328729910
level=info time="2025-06-01T20:36:46-07:00" msg=/admin/users/ conn=tx-7739525578924468380 content_type=application/html db=0s duration="421.454µs" human_size="32 B" method=GET params="{}" path=/admin/users/ request_id=7eaecec90353000c7374-2af51689921f0059681b size=32 status=302 tx=7739525578924468380
level=info time="2025-06-01T20:36:48-07:00" msg=/admin/users/ conn=tx-4352880159859174679 content_type=application/html db=1.296312ms duration=3.744847ms human_size="27 kB" method=GET params="{}" path=/admin/users/ render=1.994651ms request_id=784f49593fe8d8ae46fb-3b53bc9c92793b018578 size=27089 status=200 tx=4352880159859174679
level=info time="2025-06-01T20:36:48-07:00" msg="/admin/users/?page=2" conn=tx-8302206069080657028 content_type=application/html db=1.051175ms duration=2.595822ms human_size="12 kB" method=GET params="{\"page\":[\"2\"]}" path="/admin/users/?page=2" render=1.013525ms request_id=784f49593fe8d8ae46fb-233f5cb88db367774aff size=11504 status=200 tx=8302206069080657028
level=info time="2025-06-01T20:36:48-07:00" msg=/admin/users/ conn=tx-5970982642189403529 content_type=application/html db=1.042897ms duration=2.04132ms human_size="6.8 kB" method=GET params="{}" path=/admin/users/ render="461.873µs" request_id=b4a347ae4309a0c2a7f8-979f50abb4a4c136a2e4 size=6838 status=200 tx=5970982642189403529
level=info time="2025-06-01T20:36:48-07:00" msg=/users/ conn=tx-3243271273237147199 content_type=application/x-www-form-urlencoded db="715.8µs" duration=48.964126ms form="{\"CreatedAt\":[\"\"],\"Email\":[\"mark-1748835408383167412@example.com\"],\"FirstName\":[\"Mark\"],\"ID\":[\"00000000-0000-0000-0000-000000000000\"],\"LastName\":[\"Smith\"],\"Password\":[\"[FILTERED]\"],\"PasswordConfirmation\":[\"[FILTERED]\"],\"PasswordHash\":[\"\"],\"Role\":[\"\"],\"UpdatedAt\":[\"\"]}" human_size="0 B" method=POST params="{\"CreatedAt\":[\"\"],\"Email\":[\"mark-1748835408383167412@example.com\"],\"FirstName\":[\"Mark\"],\"ID\":[\"00000000-0000-0000-0000-000000000000\"],\"LastName\":[\"Smith\"],\"Password\":[\"[FILTERED]\"],\"PasswordConfirmation\":[\"[FILTERED]\"],\"PasswordHash\":[\"\"],\"Role\":[\"\"],\"UpdatedAt\":[\"\"]}" path=/users/ request_id=f46859bbf49015d27c55-c67e614608bbf8d5b936 size=0 status=302 tx=3243271273237147199
level=info time="2025-06-01T20:36:48-07:00" msg=/auth/ conn=tx-6292596618639727609 content_type=application/x-www-form-urlencoded db="959.956µs" duration=48.56531ms form="{\"CreatedAt\":[\"\"],\"Email\":[\"mark-1748835408383167412@example.com\"],\"FirstName\":[\"\"],\"ID\":[\"00000000-0000-0000-0000-000000000000\"],\"LastName\":[\"\"],\"Password\":[\"[FILTERED]\"],\"PasswordConfirmation\":[\"[FILTERED]\"],\"PasswordHash\":[\"\"],\"Role\":[\"\"],\"UpdatedAt\":[\"\"]}" human_size="0 B" method=POST params="{\"CreatedAt\":[\"\"],\"Email\":[\"mark-1748835408383167412@example.com\"],\"FirstName\":[\"\"],\"ID\":[\"00000000-0000-0000-0000-000000000000\"],\"LastName\":[\"\"],\"Password\":[\"[FILTERED]\"],\"PasswordConfirmation\":[\"[FILTERED]\"],\"PasswordHash\":[\"\"],\"Role\":[\"\"],\"UpdatedAt\":[\"\"]}" path=/auth/ request_id=f46859bbf49015d27c55-6092ce48b981168e6021 size=0 status=302 tx=6292596618639727609
time="2025-06-01T20:36:48-07:00" level=warning msg="SecurityEvent: login_failed (failure) - invalid_credentials" email=noexist@example.com event_type=login_failed log_type=security_event method=POST outcome=failure path=/auth/ reason=invalid_credentials request_id=f46859bbf49015d27c55-ec6b85c39fc67d3a1dfc
level=info time="2025-06-01T20:36:48-07:00" msg=/auth/ conn=tx-139366831858753728 content_type=application/x-www-form-urlencoded db="618.69µs" duration=2.253105ms form="{\"CreatedAt\":[\"\"],\"Email\":[\"noexist@example.com\"],\"FirstName\":[\"\"],\"ID\":[\"00000000-0000-0000-0000-000000000000\"],\"LastName\":[\"\"],\"Password\":[\"[FILTERED]\"],\"PasswordConfirmation\":[\"[FILTERED]\"],\"PasswordHash\":[\"\"],\"Role\":[\"\"],\"UpdatedAt\":[\"\"]}" human_size="5.8 kB" method=POST params="{\"CreatedAt\":[\"\"],\"Email\":[\"noexist@example.com\"],\"FirstName\":[\"\"],\"ID\":[\"00000000-0000-0000-0000-000000000000\"],\"LastName\":[\"\"],\"Password\":[\"[FILTERED]\"],\"PasswordConfirmation\":[\"[FILTERED]\"],\"PasswordHash\":[\"\"],\"Role\":[\"\"],\"UpdatedAt\":[\"\"]}" path=/auth/ render=1.051076ms request_id=f46859bbf49015d27c55-ec6b85c39fc67d3a1dfc size=5801 status=401 tx=139366831858753728
time="2025-06-01T20:36:48-07:00" level=warning msg="SecurityEvent: login_failed (failure) - invalid_credentials" email=mark-1748835408383167412@example.com event_type=login_failed log_type=security_event method=POST outcome=failure path=/auth/ reason=invalid_credentials request_id=f46859bbf49015d27c55-67ba30dfccbf55fe64fc
level=info time="2025-06-01T20:36:48-07:00" msg=/auth/ conn=tx-3145873158646551757 content_type=application/x-www-form-urlencoded db="625.991µs" duration=48.874105ms form="{\"CreatedAt\":[\"\"],\"Email\":[\"mark-1748835408383167412@example.com\"],\"FirstName\":[\"\"],\"ID\":[\"00000000-0000-0000-0000-000000000000\"],\"LastName\":[\"\"],\"Password\":[\"[FILTERED]\"],\"PasswordConfirmation\":[\"[FILTERED]\"],\"PasswordHash\":[\"\"],\"Role\":[\"\"],\"UpdatedAt\":[\"\"]}" human_size="5.8 kB" method=POST params="{\"CreatedAt\":[\"\"],\"Email\":[\"mark-1748835408383167412@example.com\"],\"FirstName\":[\"\"],\"ID\":[\"00000000-0000-0000-0000-000000000000\"],\"LastName\":[\"\"],\"Password\":[\"[FILTERED]\"],\"PasswordConfirmation\":[\"[FILTERED]\"],\"PasswordHash\":[\"\"],\"Role\":[\"\"],\"UpdatedAt\":[\"\"]}" path=/auth/ render="434.223µs" request_id=f46859bbf49015d27c55-67ba30dfccbf55fe64fc size=5801 status=401 tx=3145873158646551757
level=info time="2025-06-01T20:36:48-07:00" msg=/users/ conn=tx-2663040808689263874 content_type=application/x-www-form-urlencoded db="889.767µs" duration=49.624263ms form="{\"CreatedAt\":[\"\"],\"Email\":[\"test.password.preservation-1748835408534646059@example.com\"],\"FirstName\":[\"Test\"],\"ID\":[\"00000000-0000-0000-0000-000000000000\"],\"LastName\":[\"User\"],\"Password\":[\"[FILTERED]\"],\"PasswordConfirmation\":[\"[FILTERED]\"],\"PasswordHash\":[\"\"],\"Role\":[\"\"],\"UpdatedAt\":[\"\"]}" human_size="0 B" method=POST params="{\"CreatedAt\":[\"\"],\"Email\":[\"test.password.preservation-1748835408534646059@example.com\"],\"FirstName\":[\"Test\"],\"ID\":[\"00000000-0000-0000-0000-000000000000\"],\"LastName\":[\"User\"],\"Password\":[\"[FILTERED]\"],\"PasswordConfirmation\":[\"[FILTERED]\"],\"PasswordHash\":[\"\"],\"Role\":[\"\"],\"UpdatedAt\":[\"\"]}" path=/users/ request_id=283d9806624130d372c3-5725f0ad706061e4439e size=0 status=302 tx=2663040808689263874
level=info time="2025-06-01T20:36:48-07:00" msg=/auth/ conn=tx-6388962904067605977 content_type=application/x-www-form-urlencoded db="592.641µs" duration=52.443395ms form="{\"CreatedAt\":[\"\"],\"Email\":[\"test.password.preservation-1748835408534646059@example.com\"],\"FirstName\":[\"\"],\"ID\":[\"00000000-0000-0000-0000-000000000000\"],\"LastName\":[\"\"],\"Password\":[\"[FILTERED]\"],\"PasswordConfirmation\":[\"[FILTERED]\"],\"PasswordHash\":[\"\"],\"Role\":[\"\"],\"UpdatedAt\":[\"\"]}" human_size="0 B" method=POST params="{\"CreatedAt\":[\"\"],\"Email\":[\"test.password.preservation-1748835408534646059@example.com\"],\"FirstName\":[\"\"],\"ID\":[\"00000000-0000-0000-0000-000000000000\"],\"LastName\":[\"\"],\"Password\":[\"[FILTERED]\"],\"PasswordConfirmation\":[\"[FILTERED]\"],\"PasswordHash\":[\"\"],\"Role\":[\"\"],\"UpdatedAt\":[\"\"]}" path=/auth/ request_id=283d9806624130d372c3-eda0d349e0f983da22b6 size=0 status=302 tx=6388962904067605977
level=info time="2025-06-01T20:36:48-07:00" msg=/auth/new/ conn=tx-9120042436778450109 content_type=application/html db=0s duration=1.255071ms human_size="5.8 kB" method=GET params="{}" path=/auth/new/ render="699.873µs" request_id=91003eff39abd0e8480b-bd2f0b44d76cba3d67b5 size=5813 status=200 tx=9120042436778450109
level=info time="2025-06-01T20:36:48-07:00" msg=/users/ conn=tx-675244780974276624 content_type=application/x-www-form-urlencoded db="869.395µs" duration=55.438748ms form="{\"CreatedAt\":[\"\"],\"Email\":[\"redirect-1748835408642196538@example.com\"],\"FirstName\":[\"Redirect\"],\"ID\":[\"00000000-0000-0000-0000-000000000000\"],\"LastName\":[\"Test\"],\"Password\":[\"[FILTERED]\"],\"PasswordConfirmation\":[\"[FILTERED]\"],\"PasswordHash\":[\"\"],\"Role\":[\"\"],\"UpdatedAt\":[\"\"]}" human_size="0 B" method=POST params="{\"CreatedAt\":[\"\"],\"Email\":[\"redirect-1748835408642196538@example.com\"],\"FirstName\":[\"Redirect\"],\"ID\":[\"00000000-0000-0000-0000-000000000000\"],\"LastName\":[\"Test\"],\"Password\":[\"[FILTERED]\"],\"PasswordConfirmation\":[\"[FILTERED]\"],\"PasswordHash\":[\"\"],\"Role\":[\"\"],\"UpdatedAt\":[\"\"]}" path=/users/ request_id=47b153c8b06f82c46ab6-d1f02b7613fffa3b38b0 size=0 status=302 tx=675244780974276624
level=info time="2025-06-01T20:36:48-07:00" msg=/auth/ conn=tx-7381267393813401680 content_type=application/x-www-form-urlencoded db="629.031µs" duration=48.110816ms form="{\"CreatedAt\":[\"\"],\"Email\":[\"redirect-1748835408642196538@example.com\"],\"FirstName\":[\"Redirect\"],\"ID\":[\"00000000-0000-0000-0000-000000000000\"],\"LastName\":[\"Test\"],\"Password\":[\"[FILTERED]\"],\"PasswordConfirmation\":[\"[FILTERED]\"],\"PasswordHash\":[\"\"],\"Role\":[\"\"],\"UpdatedAt\":[\"\"]}" human_size="0 B" method=POST params="{\"CreatedAt\":[\"\"],\"Email\":[\"redirect-1748835408642196538@example.com\"],\"FirstName\":[\"Redirect\"],\"ID\":[\"00000000-0000-0000-0000-000000000000\"],\"LastName\":[\"Test\"],\"Password\":[\"[FILTERED]\"],\"PasswordConfirmation\":[\"[FILTERED]\"],\"PasswordHash\":[\"\"],\"Role\":[\"\"],\"UpdatedAt\":[\"\"]}" path=/auth/ request_id=47b153c8b06f82c46ab6-276bf0f8be79db011c0b size=0 status=302 tx=7381267393813401680
level=info time="2025-06-01T20:36:48-07:00" msg=/auth/ conn=tx-6337053059775739178 content_type=application/x-www-form-urlencoded db="560.432µs" duration=48.091587ms form="{\"CreatedAt\":[\"\"],\"Email\":[\"redirect-1748835408642196538@example.com\"],\"FirstName\":[\"Redirect\"],\"ID\":[\"00000000-0000-0000-0000-000000000000\"],\"LastName\":[\"Test\"],\"Password\":[\"[FILTERED]\"],\"PasswordConfirmation\":[\"[FILTERED]\"],\"PasswordHash\":[\"\"],\"Role\":[\"\"],\"UpdatedAt\":[\"\"]}" human_size="0 B" method=POST params="{\"CreatedAt\":[\"\"],\"Email\":[\"redirect-1748835408642196538@example.com\"],\"FirstName\":[\"Redirect\"],\"ID\":[\"00000000-0000-0000-0000-000000000000\"],\"LastName\":[\"Test\"],\"Password\":[\"[FILTERED]\"],\"PasswordConfirmation\":[\"[FILTERED]\"],\"PasswordHash\":[\"\"],\"Role\":[\"\"],\"UpdatedAt\":[\"\"]}" path=/auth/ request_id=47b153c8b06f82c46ab6-8dd20c4fcdac3b5d134b size=0 status=302 tx=6337053059775739178
level=info time="2025-06-01T20:36:48-07:00" msg=/auth/ conn=tx-5050858618646207775 content_type=application/x-www-form-urlencoded db="801.12µs" duration=49.140992ms form="{\"CreatedAt\":[\"\"],\"Email\":[\"redirect-1748835408642196538@example.com\"],\"FirstName\":[\"Redirect\"],\"ID\":[\"00000000-0000-0000-0000-000000000000\"],\"LastName\":[\"Test\"],\"Password\":[\"[FILTERED]\"],\"PasswordConfirmation\":[\"[FILTERED]\"],\"PasswordHash\":[\"\"],\"Role\":[\"\"],\"UpdatedAt\":[\"\"]}" human_size="0 B" method=POST params="{\"CreatedAt\":[\"\"],\"Email\":[\"redirect-1748835408642196538@example.com\"],\"FirstName\":[\"Redirect\"],\"ID\":[\"00000000-0000-0000-0000-000000000000\"],\"LastName\":[\"Test\"],\"Password\":[\"[FILTERED]\"],\"PasswordConfirmation\":[\"[FILTERED]\"],\"PasswordHash\":[\"\"],\"Role\":[\"\"],\"UpdatedAt\":[\"\"]}" path=/auth/ request_id=47b153c8b06f82c46ab6-82f10e6b49531e5563c1 size=0 status=302 tx=5050858618646207775
level=info time="2025-06-01T20:36:48-07:00" msg=/auth/ conn=tx-7482591813074904399 content_type=application/html db=0s duration="758.959µs" human_size="3.9 kB" method=GET params="{}" path=/auth/ render="304.246µs" request_id=568d7e22acab6d9eff6c-b7ffc3e44ddd193b186c size=3929 status=200 tx=7482591813074904399
level=info time="2025-06-01T20:36:48-07:00" msg=/blog/ conn=tx-4738438625998467261 content_type=application/html db="909.648µs" duration=1.661588ms human_size="3.5 kB" method=GET params="{}" path=/blog/ render="313.505µs" request_id=0242e3d41973ed1238ea-cb21a425a0c8dd6f4950 size=3473 status=200 tx=4738438625998467261
level=info time="2025-06-01T20:36:48-07:00" msg=/blog/test-blog-post/ conn=tx-7760944807238995815 content_type=application/html db="861.025µs" duration=2.417296ms human_size="3.9 kB" method=GET params="{\"slug\":[\"test-blog-post\"]}" path=/blog/test-blog-post/ render=1.047765ms request_id=3ed8a42809de597969f9-3d8aeadf08da7025edcc size=3924 status=200 tx=7760944807238995815
level=error time="2025-06-01T20:36:48-07:00" msg="sql: no rows in result set" conn=tx-1914766335531917778 db="372.625µs" params="{\"slug\":[\"non-existent-post\"]}" request_id=e7810fa4daa690c1c75d-81f104139baf0bb2548a status=404 tx=1914766335531917778
level=info time="2025-06-01T20:36:48-07:00" msg=/blog/non-existent-post/ conn=tx-1914766335531917778 content_type=application/html db="372.625µs" duration=1.204833ms human_size="1.5 kB" method=GET params="{\"slug\":[\"non-existent-post\"]}" path=/blog/non-existent-post/ request_id=e7810fa4daa690c1c75d-81f104139baf0bb2548a size=1517 status=404 tx=1914766335531917778
level=info time="2025-06-01T20:36:49-07:00" msg=/users/ conn=tx-7322507605734710819 content_type=application/x-www-form-urlencoded db="787.298µs" duration=49.162863ms form="{\"CreatedAt\":[\"\"],\"Email\":[\"debug-test-1748835409@example.com\"],\"FirstName\":[\"Debug\"],\"ID\":[\"00000000-0000-0000-0000-000000000000\"],\"LastName\":[\"Test\"],\"Password\":[\"[FILTERED]\"],\"PasswordConfirmation\":[\"[FILTERED]\"],\"PasswordHash\":[\"\"],\"Role\":[\"\"],\"UpdatedAt\":[\"\"]}" human_size="0 B" method=POST params="{\"CreatedAt\":[\"\"],\"Email\":[\"debug-test-1748835409@example.com\"],\"FirstName\":[\"Debug\"],\"ID\":[\"00000000-0000-0000-0000-000000000000\"],\"LastName\":[\"Test\"],\"Password\":[\"[FILTERED]\"],\"PasswordConfirmation\":[\"[FILTERED]\"],\"PasswordHash\":[\"\"],\"Role\":[\"\"],\"UpdatedAt\":[\"\"]}" path=/users/ request_id=885dde1e86a91ea6ae43-027873e7c52de9b6dd3b size=0 status=302 tx=7322507605734710819
level=info time="2025-06-01T20:36:49-07:00" msg=/ conn=tx-6424099457573020968 content_type=application/html db=0s duration=1.010656ms human_size="7.4 kB" is_htmx_request_in_handler_for_home=false method=GET params="{}" path=/ render="334.535µs" request_id=6aa6b4dfe248f7889b0d-a03dd2daf587e2a4df66 size=7413 status=200 tx=6424099457573020968
level=info time="2025-06-01T20:36:49-07:00" msg=/ conn=tx-1669522104783408618 content_type=application/html db=0s duration="653.132µs" human_size="1.4 kB" is_htmx_request_in_handler_for_home=true method=GET params="{}" path=/ render="252.877µs" request_id=1808b2cc4c3318f65691-e04813b78121fdc4c5ca size=1420 status=200 tx=1669522104783408618
level=info time="2025-06-01T20:36:49-07:00" msg=/auth/ conn=tx-4863861121762811286 content_type=application/x-www-form-urlencoded db="331.583µs" duration=48.602606ms form="{\"CreatedAt\":[\"\"],\"Email\":[\"mark@example.com\"],\"FirstName\":[\"\"],\"ID\":[\"00000000-0000-0000-0000-000000000000\"],\"LastName\":[\"\"],\"Password\":[\"[FILTERED]\"],\"PasswordConfirmation\":[\"[FILTERED]\"],\"PasswordHash\":[\"\"],\"Role\":[\"\"],\"UpdatedAt\":[\"\"]}" human_size="0 B" method=POST params="{\"CreatedAt\":[\"\"],\"Email\":[\"mark@example.com\"],\"FirstName\":[\"\"],\"ID\":[\"00000000-0000-0000-0000-000000000000\"],\"LastName\":[\"\"],\"Password\":[\"[FILTERED]\"],\"PasswordConfirmation\":[\"[FILTERED]\"],\"PasswordHash\":[\"\"],\"Role\":[\"\"],\"UpdatedAt\":[\"\"]}" path=/auth/ request_id=5c88f9db432752f66fb4-4a86e596009c3132ff72 size=0 status=302 tx=4863861121762811286
level=info time="2025-06-01T20:36:49-07:00" msg=/ conn=tx-299349157247596597 content_type=application/html db="411.185µs" duration=1.370661ms human_size="7.9 kB" is_htmx_request_in_handler_for_home=false method=GET params="{}" path=/ render="455.733µs" request_id=5c88f9db432752f66fb4-7ace27828109140c8291 size=7944 status=200 tx=299349157247596597
level=info time="2025-06-01T20:36:49-07:00" msg=/ conn=tx-759971649831481523 content_type=application/html db="254.376µs" duration="997.377µs" human_size="1.4 kB" is_htmx_request_in_handler_for_home=true method=GET params="{}" path=/ render="307.306µs" request_id=5c88f9db432752f66fb4-42b06f4402e85aa56c34 size=1420 status=200 tx=759971649831481523
level=info time="2025-06-01T20:36:49-07:00" msg=/dashboard/ conn=tx-7816512982231538366 content_type=application/html db="229.777µs" duration=1.448928ms human_size="11 kB" method=GET params="{}" path=/dashboard/ render="797.146µs" request_id=5c88f9db432752f66fb4-b5ff6f913d1d37fc4d25 size=10592 status=200 tx=7816512982231538366
level=info time="2025-06-01T20:36:49-07:00" msg=/users/ conn=tx-9137848800741065695 content_type=application/x-www-form-urlencoded db="844.328µs" duration=49.540126ms form="{\"CreatedAt\":[\"\"],\"Email\":[\"profile-test-1748835409180382977@example.com\"],\"FirstName\":[\"Profile\"],\"ID\":[\"00000000-0000-0000-0000-000000000000\"],\"LastName\":[\"Test\"],\"Password\":[\"[FILTERED]\"],\"PasswordConfirmation\":[\"[FILTERED]\"],\"PasswordHash\":[\"\"],\"Role\":[\"\"],\"UpdatedAt\":[\"\"]}" human_size="0 B" method=POST params="{\"CreatedAt\":[\"\"],\"Email\":[\"profile-test-1748835409180382977@example.com\"],\"FirstName\":[\"Profile\"],\"ID\":[\"00000000-0000-0000-0000-000000000000\"],\"LastName\":[\"Test\"],\"Password\":[\"[FILTERED]\"],\"PasswordConfirmation\":[\"[FILTERED]\"],\"PasswordHash\":[\"\"],\"Role\":[\"\"],\"UpdatedAt\":[\"\"]}" path=/users/ request_id=caf31d51e5c0f1a39ee5-12a4c0b90ba88c13b727 size=0 status=302 tx=9137848800741065695
level=info time="2025-06-01T20:36:49-07:00" msg=/auth/ conn=tx-6412110862519586780 content_type=application/x-www-form-urlencoded db="567.412µs" duration=47.83815ms form="{\"CreatedAt\":[\"\"],\"Email\":[\"profile-test-1748835409180382977@example.com\"],\"FirstName\":[\"\"],\"ID\":[\"00000000-0000-0000-0000-000000000000\"],\"LastName\":[\"\"],\"Password\":[\"[FILTERED]\"],\"PasswordConfirmation\":[\"[FILTERED]\"],\"PasswordHash\":[\"\"],\"Role\":[\"\"],\"UpdatedAt\":[\"\"]}" human_size="0 B" method=POST params="{\"CreatedAt\":[\"\"],\"Email\":[\"profile-test-1748835409180382977@example.com\"],\"FirstName\":[\"\"],\"ID\":[\"00000000-0000-0000-0000-000000000000\"],\"LastName\":[\"\"],\"Password\":[\"[FILTERED]\"],\"PasswordConfirmation\":[\"[FILTERED]\"],\"PasswordHash\":[\"\"],\"Role\":[\"\"],\"UpdatedAt\":[\"\"]}" path=/auth/ request_id=caf31d51e5c0f1a39ee5-c58d1def37cf51d476aa size=0 status=302 tx=6412110862519586780
level=info time="2025-06-01T20:36:49-07:00" msg=/profile/ conn=tx-5572382312023964711 content_type=application/html db="365.244µs" duration=1.707955ms human_size="5.8 kB" method=GET params="{}" path=/profile/ render="705.049µs" request_id=caf31d51e5c0f1a39ee5-03b9701081d1338ba4d6 size=5759 status=200 tx=5572382312023964711
level=info time="2025-06-01T20:36:49-07:00" msg=/profile/ conn=tx-129246587563289123 content_type=application/html db=0s duration="391.664µs" human_size="32 B" method=GET params="{}" path=/profile/ request_id=33f28a91370b10191fba-66d59dd593bef88c56f8 size=32 status=302 tx=129246587563289123
level=info time="2025-06-01T20:36:49-07:00" msg=/users/ conn=tx-277625733127032966 content_type=application/x-www-form-urlencoded db="896.016µs" duration=49.442328ms form="{\"CreatedAt\":[\"\"],\"Email\":[\"profile-update-1748835409283695357@example.com\"],\"FirstName\":[\"Update\"],\"ID\":[\"00000000-0000-0000-0000-000000000000\"],\"LastName\":[\"Test\"],\"Password\":[\"[FILTERED]\"],\"PasswordConfirmation\":[\"[FILTERED]\"],\"PasswordHash\":[\"\"],\"Role\":[\"\"],\"UpdatedAt\":[\"\"]}" human_size="0 B" method=POST params="{\"CreatedAt\":[\"\"],\"Email\":[\"profile-update-1748835409283695357@example.com\"],\"FirstName\":[\"Update\"],\"ID\":[\"00000000-0000-0000-0000-000000000000\"],\"LastName\":[\"Test\"],\"Password\":[\"[FILTERED]\"],\"PasswordConfirmation\":[\"[FILTERED]\"],\"PasswordHash\":[\"\"],\"Role\":[\"\"],\"UpdatedAt\":[\"\"]}" path=/users/ request_id=ed797c8a1fdabd038a31-3514f2c2ab4f27be84cd size=0 status=302 tx=277625733127032966
level=info time="2025-06-01T20:36:49-07:00" msg=/auth/ conn=tx-4415751124492623114 content_type=application/x-www-form-urlencoded db="581.852µs" duration=47.959128ms form="{\"CreatedAt\":[\"\"],\"Email\":[\"profile-update-1748835409283695357@example.com\"],\"FirstName\":[\"\"],\"ID\":[\"00000000-0000-0000-0000-000000000000\"],\"LastName\":[\"\"],\"Password\":[\"[FILTERED]\"],\"PasswordConfirmation\":[\"[FILTERED]\"],\"PasswordHash\":[\"\"],\"Role\":[\"\"],\"UpdatedAt\":[\"\"]}" human_size="0 B" method=POST params="{\"CreatedAt\":[\"\"],\"Email\":[\"profile-update-1748835409283695357@example.com\"],\"FirstName\":[\"\"],\"ID\":[\"00000000-0000-0000-0000-000000000000\"],\"LastName\":[\"\"],\"Password\":[\"[FILTERED]\"],\"PasswordConfirmation\":[\"[FILTERED]\"],\"PasswordHash\":[\"\"],\"Role\":[\"\"],\"UpdatedAt\":[\"\"]}" path=/auth/ request_id=ed797c8a1fdabd038a31-8c359e5c7f8b6f0c40e0 size=0 status=302 tx=4415751124492623114
level=info time="2025-06-01T20:36:49-07:00" msg=/profile/ conn=tx-3887154732881906962 content_type=application/x-www-form-urlencoded db="865.046µs" duration=3.226484ms form="{\"CreatedAt\":[\"\"],\"Email\":[\"\"],\"FirstName\":[\"UpdatedFirst\"],\"ID\":[\"00000000-0000-0000-0000-000000000000\"],\"LastName\":[\"UpdatedLast\"],\"Password\":[\"[FILTERED]\"],\"PasswordConfirmation\":[\"[FILTERED]\"],\"PasswordHash\":[\"\"],\"Role\":[\"\"],\"UpdatedAt\":[\"\"]}" human_size="0 B" method=POST params="{\"CreatedAt\":[\"\"],\"Email\":[\"\"],\"FirstName\":[\"UpdatedFirst\"],\"ID\":[\"00000000-0000-0000-0000-000000000000\"],\"LastName\":[\"UpdatedLast\"],\"Password\":[\"[FILTERED]\"],\"PasswordConfirmation\":[\"[FILTERED]\"],\"PasswordHash\":[\"\"],\"Role\":[\"\"],\"UpdatedAt\":[\"\"]}" path=/profile/ request_id=ed797c8a1fdabd038a31-54f9eda5f92d416f2a0e size=0 status=302 tx=3887154732881906962
level=info time="2025-06-01T20:36:49-07:00" msg=/profile/ conn=tx-322848999599274003 content_type=application/html db="245.126µs" duration=1.716685ms human_size="5.8 kB" method=GET params="{}" path=/profile/ render=1.058324ms request_id=ed797c8a1fdabd038a31-7bbb496d11615516135b size=5802 status=200 tx=322848999599274003
level=info time="2025-06-01T20:36:49-07:00" msg=/users/ conn=tx-1074077389125233140 content_type=application/x-www-form-urlencoded db="990.426µs" duration=49.595665ms form="{\"CreatedAt\":[\"\"],\"Email\":[\"mark-1748835409388358378@example.com\"],\"FirstName\":[\"Mark\"],\"ID\":[\"00000000-0000-0000-0000-000000000000\"],\"LastName\":[\"Smith\"],\"Password\":[\"[FILTERED]\"],\"PasswordConfirmation\":[\"[FILTERED]\"],\"PasswordHash\":[\"\"],\"Role\":[\"\"],\"UpdatedAt\":[\"\"]}" human_size="0 B" method=POST params="{\"CreatedAt\":[\"\"],\"Email\":[\"mark-1748835409388358378@example.com\"],\"FirstName\":[\"Mark\"],\"ID\":[\"00000000-0000-0000-0000-000000000000\"],\"LastName\":[\"Smith\"],\"Password\":[\"[FILTERED]\"],\"PasswordConfirmation\":[\"[FILTERED]\"],\"PasswordHash\":[\"\"],\"Role\":[\"\"],\"UpdatedAt\":[\"\"]}" path=/users/ request_id=653791e44adf0b8e9aee-be47c465659a3bf65f83 size=0 status=302 tx=1074077389125233140
level=info time="2025-06-01T20:36:49-07:00" msg=/auth/ conn=tx-7141512654421874451 content_type=application/x-www-form-urlencoded db="672.971µs" duration=49.819022ms form="{\"CreatedAt\":[\"\"],\"Email\":[\"mark-1748835409388358378@example.com\"],\"FirstName\":[\"\"],\"ID\":[\"00000000-0000-0000-0000-000000000000\"],\"LastName\":[\"\"],\"Password\":[\"[FILTERED]\"],\"PasswordConfirmation\":[\"[FILTERED]\"],\"PasswordHash\":[\"\"],\"Role\":[\"\"],\"UpdatedAt\":[\"\"]}" human_size="0 B" method=POST params="{\"CreatedAt\":[\"\"],\"Email\":[\"mark-1748835409388358378@example.com\"],\"FirstName\":[\"\"],\"ID\":[\"00000000-0000-0000-0000-000000000000\"],\"LastName\":[\"\"],\"Password\":[\"[FILTERED]\"],\"PasswordConfirmation\":[\"[FILTERED]\"],\"PasswordHash\":[\"\"],\"Role\":[\"\"],\"UpdatedAt\":[\"\"]}" path=/auth/ request_id=653791e44adf0b8e9aee-56129015e059adcc7f9d size=0 status=302 tx=7141512654421874451
level=info time="2025-06-01T20:36:49-07:00" msg=/users/new/ conn=tx-1532294388271358000 content_type=application/html db=0s duration=1.26637ms human_size="6.7 kB" method=GET params="{}" path=/users/new/ render="653.341µs" request_id=554144f4b593802f9a59-101f9f0a048e56465587 size=6663 status=200 tx=1532294388271358000
--- FAIL: Test_ActionSuite (3.18s)
    --- FAIL: Test_ActionSuite/Test_AdminPostsCreate (0.05s)
        blog_test.go:204: 
            	Error Trace:	/home/josh/my-go-saas-template/actions/blog_test.go:204
            	Error:      	Not equal: 
            	            	expected: 302
            	            	actual  : 422
            	Test:       	Test_ActionSuite/Test_AdminPostsCreate
FAIL
FAIL	my_go_saas_template/actions	3.202s
?   	my_go_saas_template/cmd/app	[no test files]
?   	my_go_saas_template/grifts	[no test files]
?   	my_go_saas_template/locales	[no test files]
ok  	my_go_saas_template/models	(cached)
ok  	my_go_saas_template/pkg/logging	(cached)
?   	my_go_saas_template/public	[no test files]
?   	my_go_saas_template/templates	[no test files]
FAIL
Usage:
  buffalo test [flags]

Flags:
  -h, --help   help for test

time="2025-06-01T20:36:49-07:00" level=error msg="Error: exit status 1"
